mode: set
ecom-project/test/basic/main.go:3.26,5.2 1 1
